User: Imported 51 locations.

User: Successfully added Flight 0.

User: Successfully added Flight 1.

User: Scheduling conflict! This flight clashes with Flight 1 departing from Sydney on Monday 10:00.

User: Scheduling conflict! This flight clashes with Flight 1 arriving at Perth on Monday 14:31.

User: Application closed.
