User: Exported 0 flights.

User: Exported 0 locations.

User: Imported 51 locations.

User: Imported 169 flights.
13 lines were invalid.

User: Imported 2 locations.

User: Exported 53 locations.

User: Exported 169 flights.

User: Error writing file.

User: Error writing file.

User: Application closed.
