User: Invalid Flight ID.

User: Invalid Flight ID.

User: Imported 51 locations.

User: Successfully added Flight 0.

User: Removed Flight 0, Mon 05:20 Sydney --> Beijing, from the flight schedule.

User: Invalid Flight ID.

User: Application closed.
