User: Error reading file.

User: Imported 0 flights.
3 lines were invalid.

User: Error reading file.

User: Imported 51 locations.

User: Imported 169 flights.
13 lines were invalid.

User: Imported 0 locations.
51 lines were invalid.

User: Error reading file.

User: Error reading file.

User: Imported 2 locations.

User: Exported 53 locations.

User: Exported 169 flights.

User: Application closed.
